<?xml version='1.0' encoding="utf-8"?>
<dataset>
	<person person_id="1" person_name="houhao" />
	<person person_id="2" person_name="lihan" />
	<person person_id="3" person_name="xiaoxiao" />
</dataset>